2001.11.05 02:06 B d:\Paginas Web\HIJOSNEW\botones\banda1.gif --> cablemodem.fibertel.com.ar /robertososa/botones banda1.gif
2001.11.05 02:06 B d:\Paginas Web\HIJOSNEW\botones\banda2.gif --> cablemodem.fibertel.com.ar /robertososa/botones banda2.gif
2001.11.05 02:06 B d:\Paginas Web\HIJOSNEW\botones\contactos1.gif --> cablemodem.fibertel.com.ar /robertososa/botones contactos1.gif
2001.11.05 02:06 B d:\Paginas Web\HIJOSNEW\botones\contactos2.gif --> cablemodem.fibertel.com.ar /robertososa/botones contactos2.gif
2001.11.05 02:06 B d:\Paginas Web\HIJOSNEW\botones\copy1.gif --> cablemodem.fibertel.com.ar /robertososa/botones copy1.gif
2001.11.05 02:06 B d:\Paginas Web\HIJOSNEW\botones\copy2.gif --> cablemodem.fibertel.com.ar /robertososa/botones copy2.gif
2001.11.05 02:06 B d:\Paginas Web\HIJOSNEW\botones\data1.gif --> cablemodem.fibertel.com.ar /robertososa/botones data1.gif
2001.11.05 02:06 B d:\Paginas Web\HIJOSNEW\botones\data2.gif --> cablemodem.fibertel.com.ar /robertososa/botones data2.gif
2001.11.05 02:06 B d:\Paginas Web\HIJOSNEW\botones\fechas1.gif --> cablemodem.fibertel.com.ar /robertososa/botones fechas1.gif
2001.11.05 02:06 B d:\Paginas Web\HIJOSNEW\botones\fechas2.gif --> cablemodem.fibertel.com.ar /robertososa/botones fechas2.gif
2001.11.05 02:06 B d:\Paginas Web\HIJOSNEW\botones\fotos1.gif --> cablemodem.fibertel.com.ar /robertososa/botones fotos1.gif
2001.11.05 02:06 B d:\Paginas Web\HIJOSNEW\botones\fotos2.gif --> cablemodem.fibertel.com.ar /robertososa/botones fotos2.gif
2001.11.05 02:06 B d:\Paginas Web\HIJOSNEW\botones\inicio1.gif --> cablemodem.fibertel.com.ar /robertososa/botones inicio1.gif
2001.11.05 02:06 B d:\Paginas Web\HIJOSNEW\botones\inicio2.gif --> cablemodem.fibertel.com.ar /robertososa/botones inicio2.gif
2001.11.05 02:06 B d:\Paginas Web\HIJOSNEW\botones\letras1.gif --> cablemodem.fibertel.com.ar /robertososa/botones letras1.gif
2001.11.05 02:06 B d:\Paginas Web\HIJOSNEW\botones\letras2.gif --> cablemodem.fibertel.com.ar /robertososa/botones letras2.gif
2001.11.05 02:06 B d:\Paginas Web\HIJOSNEW\botones\mp31.gif --> cablemodem.fibertel.com.ar /robertososa/botones mp31.gif
2001.11.05 02:06 B d:\Paginas Web\HIJOSNEW\botones\mp32.gif --> cablemodem.fibertel.com.ar /robertososa/botones mp32.gif
2001.11.05 02:06 B d:\Paginas Web\HIJOSNEW\botones\pspbrwse.jbf --> cablemodem.fibertel.com.ar /robertososa/botones pspbrwse.jbf
2001.11.05 02:06 B d:\Paginas Web\HIJOSNEW\botones\suvir1.gif --> cablemodem.fibertel.com.ar /robertososa/botones suvir1.gif
2001.11.05 02:06 B d:\Paginas Web\HIJOSNEW\botones\suvir2.gif --> cablemodem.fibertel.com.ar /robertososa/botones suvir2.gif
2001.11.05 02:18 B d:\Paginas Web\HIJOSNEW\botones\banda1.gif --> cablemodem.fibertel.com.ar /robertososa/botones banda1.gif
2001.11.05 02:18 B d:\Paginas Web\HIJOSNEW\botones\banda2.gif --> cablemodem.fibertel.com.ar /robertososa/botones banda2.gif
2001.11.05 02:18 B d:\Paginas Web\HIJOSNEW\botones\contactos1.gif --> cablemodem.fibertel.com.ar /robertososa/botones contactos1.gif
2001.11.05 02:18 B d:\Paginas Web\HIJOSNEW\botones\contactos2.gif --> cablemodem.fibertel.com.ar /robertososa/botones contactos2.gif
2001.11.05 02:18 B d:\Paginas Web\HIJOSNEW\botones\copy1.gif --> cablemodem.fibertel.com.ar /robertososa/botones copy1.gif
2001.11.05 02:18 B d:\Paginas Web\HIJOSNEW\botones\copy2.gif --> cablemodem.fibertel.com.ar /robertososa/botones copy2.gif
2001.11.05 02:18 B d:\Paginas Web\HIJOSNEW\botones\data1.gif --> cablemodem.fibertel.com.ar /robertososa/botones data1.gif
2001.11.05 02:18 B d:\Paginas Web\HIJOSNEW\botones\data2.gif --> cablemodem.fibertel.com.ar /robertososa/botones data2.gif
2001.11.05 02:18 B d:\Paginas Web\HIJOSNEW\botones\fechas1.gif --> cablemodem.fibertel.com.ar /robertososa/botones fechas1.gif
2001.11.05 02:18 B d:\Paginas Web\HIJOSNEW\botones\fechas2.gif --> cablemodem.fibertel.com.ar /robertososa/botones fechas2.gif
2001.11.05 02:19 B d:\Paginas Web\HIJOSNEW\botones\banda1.gif --> cablemodem.fibertel.com.ar /robertososa/botones banda1.gif
2001.11.05 02:20 B d:\Paginas Web\HIJOSNEW\botones\banda2.gif --> cablemodem.fibertel.com.ar /robertososa/botones banda2.gif
2001.11.05 02:20 B d:\Paginas Web\HIJOSNEW\botones\contactos1.gif --> cablemodem.fibertel.com.ar /robertososa/botones contactos1.gif
2001.11.05 02:20 B d:\Paginas Web\HIJOSNEW\botones\contactos2.gif --> cablemodem.fibertel.com.ar /robertososa/botones contactos2.gif
2001.11.05 02:20 B d:\Paginas Web\HIJOSNEW\botones\copy1.gif --> cablemodem.fibertel.com.ar /robertososa/botones copy1.gif
2001.11.05 02:20 B d:\Paginas Web\HIJOSNEW\botones\copy2.gif --> cablemodem.fibertel.com.ar /robertososa/botones copy2.gif
2001.11.05 02:20 B d:\Paginas Web\HIJOSNEW\botones\data1.gif --> cablemodem.fibertel.com.ar /robertososa/botones data1.gif
2001.11.05 02:20 B d:\Paginas Web\HIJOSNEW\botones\data2.gif --> cablemodem.fibertel.com.ar /robertososa/botones data2.gif
2001.11.05 02:20 B d:\Paginas Web\HIJOSNEW\botones\fechas1.gif --> cablemodem.fibertel.com.ar /robertososa/botones fechas1.gif
2001.11.05 02:20 B d:\Paginas Web\HIJOSNEW\botones\fechas2.gif --> cablemodem.fibertel.com.ar /robertososa/botones fechas2.gif
2001.11.05 02:20 B d:\Paginas Web\HIJOSNEW\botones\fotos1.gif --> cablemodem.fibertel.com.ar /robertososa/botones fotos1.gif
2001.11.05 02:20 B d:\Paginas Web\HIJOSNEW\botones\fotos2.gif --> cablemodem.fibertel.com.ar /robertososa/botones fotos2.gif
2001.11.05 02:20 B d:\Paginas Web\HIJOSNEW\botones\inicio1.gif --> cablemodem.fibertel.com.ar /robertososa/botones inicio1.gif
2001.11.05 02:20 B d:\Paginas Web\HIJOSNEW\botones\inicio2.gif --> cablemodem.fibertel.com.ar /robertososa/botones inicio2.gif
2001.11.05 02:20 B d:\Paginas Web\HIJOSNEW\botones\letras1.gif --> cablemodem.fibertel.com.ar /robertososa/botones letras1.gif
2001.11.05 02:20 B d:\Paginas Web\HIJOSNEW\botones\letras2.gif --> cablemodem.fibertel.com.ar /robertososa/botones letras2.gif
2001.11.05 02:20 B d:\Paginas Web\HIJOSNEW\botones\mp31.gif --> cablemodem.fibertel.com.ar /robertososa/botones mp31.gif
2001.11.05 02:20 B d:\Paginas Web\HIJOSNEW\botones\mp32.gif --> cablemodem.fibertel.com.ar /robertososa/botones mp32.gif
2001.11.05 02:20 B d:\Paginas Web\HIJOSNEW\botones\pspbrwse.jbf --> cablemodem.fibertel.com.ar /robertososa/botones pspbrwse.jbf
2001.11.05 02:20 B d:\Paginas Web\HIJOSNEW\botones\suvir1.gif --> cablemodem.fibertel.com.ar /robertososa/botones suvir1.gif
2001.11.05 02:20 B d:\Paginas Web\HIJOSNEW\botones\suvir2.gif --> cablemodem.fibertel.com.ar /robertososa/botones suvir2.gif
2001.11.05 02:20 B d:\Paginas Web\HIJOSNEW\botones\WS_FTP.LOG --> cablemodem.fibertel.com.ar /robertososa/botones WS_FTP.LOG
