2001.11.10 07:08 B d:\Paginas Web\HIJOSNEW\zodiaco\acuario.htm --> cablemodem.fibertel.com.ar /robertososa/zodiaco acuario.htm
2001.11.10 07:08 B d:\Paginas Web\HIJOSNEW\zodiaco\aries.htm --> cablemodem.fibertel.com.ar /robertososa/zodiaco aries.htm
2001.11.10 07:08 B d:\Paginas Web\HIJOSNEW\zodiaco\cancer.htm --> cablemodem.fibertel.com.ar /robertososa/zodiaco cancer.htm
2001.11.10 07:08 B d:\Paginas Web\HIJOSNEW\zodiaco\capri.htm --> cablemodem.fibertel.com.ar /robertososa/zodiaco capri.htm
2001.11.10 07:08 B d:\Paginas Web\HIJOSNEW\zodiaco\escorpio.htm --> cablemodem.fibertel.com.ar /robertososa/zodiaco escorpio.htm
2001.11.10 07:08 B d:\Paginas Web\HIJOSNEW\zodiaco\geminis.htm --> cablemodem.fibertel.com.ar /robertososa/zodiaco geminis.htm
2001.11.10 07:08 B d:\Paginas Web\HIJOSNEW\zodiaco\leo.htm --> cablemodem.fibertel.com.ar /robertososa/zodiaco leo.htm
2001.11.10 07:08 B d:\Paginas Web\HIJOSNEW\zodiaco\libra.htm --> cablemodem.fibertel.com.ar /robertososa/zodiaco libra.htm
2001.11.10 07:08 B d:\Paginas Web\HIJOSNEW\zodiaco\piscis.htm --> cablemodem.fibertel.com.ar /robertososa/zodiaco piscis.htm
2001.11.10 07:08 B d:\Paginas Web\HIJOSNEW\zodiaco\sagitario.htm --> cablemodem.fibertel.com.ar /robertososa/zodiaco sagitario.htm
2001.11.10 07:08 B d:\Paginas Web\HIJOSNEW\zodiaco\tauro.htm --> cablemodem.fibertel.com.ar /robertososa/zodiaco tauro.htm
2001.11.10 07:08 B d:\Paginas Web\HIJOSNEW\zodiaco\virgo.htm --> cablemodem.fibertel.com.ar /robertososa/zodiaco virgo.htm
2001.11.10 13:56 B d:\Paginas Web\HIJOSNEW\zodiaco\leo.htm --> cablemodem.fibertel.com.ar /robertososa/zodiaco leo.htm
2001.11.10 13:59 B d:\Paginas Web\HIJOSNEW\zodiaco\acuario.htm --> cablemodem.fibertel.com.ar /robertososa acuario.htm
2001.11.10 13:59 B d:\Paginas Web\HIJOSNEW\zodiaco\acuario.htm --> cablemodem.fibertel.com.ar /robertososa/zodiaco acuario.htm
2002.05.03 08:12 B d:\paginas web\HIJOSNEW\zodiaco\acuario.htm --> cablemodem.fibertel.com.ar /zodiaco acuario.htm
2002.05.03 08:12 B d:\paginas web\HIJOSNEW\zodiaco\aries.htm --> cablemodem.fibertel.com.ar /zodiaco aries.htm
2002.05.03 08:12 B d:\paginas web\HIJOSNEW\zodiaco\cancer.htm --> cablemodem.fibertel.com.ar /zodiaco cancer.htm
2002.05.03 08:12 B d:\paginas web\HIJOSNEW\zodiaco\capri.htm --> cablemodem.fibertel.com.ar /zodiaco capri.htm
2002.05.03 08:12 B d:\paginas web\HIJOSNEW\zodiaco\escorpio.htm --> cablemodem.fibertel.com.ar /zodiaco escorpio.htm
2002.05.03 08:12 B d:\paginas web\HIJOSNEW\zodiaco\geminis.htm --> cablemodem.fibertel.com.ar /zodiaco geminis.htm
2002.05.03 08:12 B d:\paginas web\HIJOSNEW\zodiaco\leo.htm --> cablemodem.fibertel.com.ar /zodiaco leo.htm
2002.05.03 08:12 B d:\paginas web\HIJOSNEW\zodiaco\libra.htm --> cablemodem.fibertel.com.ar /zodiaco libra.htm
2002.05.03 08:12 B d:\paginas web\HIJOSNEW\zodiaco\piscis.htm --> cablemodem.fibertel.com.ar /zodiaco piscis.htm
2002.05.03 08:12 B d:\paginas web\HIJOSNEW\zodiaco\sagitario.htm --> cablemodem.fibertel.com.ar /zodiaco sagitario.htm
2002.05.03 08:12 B d:\paginas web\HIJOSNEW\zodiaco\tauro.htm --> cablemodem.fibertel.com.ar /zodiaco tauro.htm
2002.05.03 08:12 B d:\paginas web\HIJOSNEW\zodiaco\virgo.htm --> cablemodem.fibertel.com.ar /zodiaco virgo.htm
