2001.11.10 07:07 B d:\Paginas Web\HIJOSNEW\prensa\backst.jpg --> cablemodem.fibertel.com.ar /robertososa/prensa backst.jpg
2001.11.10 07:07 B d:\Paginas Web\HIJOSNEW\prensa\bart.jpg --> cablemodem.fibertel.com.ar /robertososa/prensa bart.jpg
2001.11.10 07:07 B d:\Paginas Web\HIJOSNEW\prensa\beeth.jpg --> cablemodem.fibertel.com.ar /robertososa/prensa beeth.jpg
2001.11.10 07:07 B d:\Paginas Web\HIJOSNEW\prensa\britney.jpg --> cablemodem.fibertel.com.ar /robertososa/prensa britney.jpg
2001.11.10 07:07 B d:\Paginas Web\HIJOSNEW\prensa\burns.jpg --> cablemodem.fibertel.com.ar /robertososa/prensa burns.jpg
2001.11.10 07:07 B d:\Paginas Web\HIJOSNEW\prensa\cavallo.jpg --> cablemodem.fibertel.com.ar /robertososa/prensa cavallo.jpg
2001.11.10 07:07 B d:\Paginas Web\HIJOSNEW\prensa\delarua.jpg --> cablemodem.fibertel.com.ar /robertososa/prensa delarua.jpg
2001.11.10 07:07 B d:\Paginas Web\HIJOSNEW\prensa\homero.jpg --> cablemodem.fibertel.com.ar /robertososa/prensa homero.jpg
2001.11.10 07:07 B d:\Paginas Web\HIJOSNEW\prensa\madona.jpg --> cablemodem.fibertel.com.ar /robertososa/prensa madona.jpg
2001.11.10 07:07 B d:\Paginas Web\HIJOSNEW\prensa\maradona.jpg --> cablemodem.fibertel.com.ar /robertososa/prensa maradona.jpg
2001.11.10 07:07 B d:\Paginas Web\HIJOSNEW\prensa\menem.jpg --> cablemodem.fibertel.com.ar /robertososa/prensa menem.jpg
2001.11.10 07:07 B d:\Paginas Web\HIJOSNEW\prensa\michael.jpg --> cablemodem.fibertel.com.ar /robertososa/prensa michael.jpg
2001.11.10 07:07 B d:\Paginas Web\HIJOSNEW\prensa\nsync.jpg --> cablemodem.fibertel.com.ar /robertososa/prensa nsync.jpg
2001.11.10 07:07 B d:\Paginas Web\HIJOSNEW\prensa\peron.jpg --> cablemodem.fibertel.com.ar /robertososa/prensa peron.jpg
2001.11.10 07:07 B d:\Paginas Web\HIJOSNEW\prensa\pspbrwse.jbf --> cablemodem.fibertel.com.ar /robertososa/prensa pspbrwse.jbf
2001.11.10 07:07 B d:\Paginas Web\HIJOSNEW\prensa\riky.jpg --> cablemodem.fibertel.com.ar /robertososa/prensa riky.jpg
2001.11.10 07:07 B d:\Paginas Web\HIJOSNEW\prensa\robbie.jpg --> cablemodem.fibertel.com.ar /robertososa/prensa robbie.jpg
2001.11.10 07:07 B d:\Paginas Web\HIJOSNEW\prensa\shakira.jpg --> cablemodem.fibertel.com.ar /robertososa/prensa shakira.jpg
2002.04.26 09:38 B d:\paginas web\HIJOSNEW\prensa\exehoy.jpg --> cablemodem.fibertel.com.ar /prensa exehoy.jpg
2002.04.26 09:38 B d:\paginas web\HIJOSNEW\prensa\gonhoy.jpg --> cablemodem.fibertel.com.ar /prensa gonhoy.jpg
2002.04.26 09:38 B d:\paginas web\HIJOSNEW\prensa\notas01.gif --> cablemodem.fibertel.com.ar /prensa notas01.gif
2002.04.26 09:38 B d:\paginas web\HIJOSNEW\prensa\notas02.gif --> cablemodem.fibertel.com.ar /prensa notas02.gif
2002.04.26 09:38 B d:\paginas web\HIJOSNEW\prensa\rohoy.jpg --> cablemodem.fibertel.com.ar /prensa rohoy.jpg
2002.04.26 09:38 B d:\paginas web\HIJOSNEW\prensa\clarin.jpg --> cablemodem.fibertel.com.ar /prensa clarin.jpg
2002.04.26 09:38 B d:\paginas web\HIJOSNEW\prensa\clarin2.gif --> cablemodem.fibertel.com.ar /prensa clarin2.gif
2002.04.26 09:40 B d:\paginas web\HIJOSNEW\prensa\comen01.gif --> cablemodem.fibertel.com.ar /prensa comen01.gif
2002.04.26 09:40 B d:\paginas web\HIJOSNEW\prensa\comen02.gif --> cablemodem.fibertel.com.ar /prensa comen02.gif
2002.04.27 14:05 B d:\Paginas Web\HIJOSNEW\prensa\revi01.gif --> cablemodem.fibertel.com.ar /prensa revi01.gif
2002.04.27 14:05 B d:\Paginas Web\HIJOSNEW\prensa\revi02.gif --> cablemodem.fibertel.com.ar /prensa revi02.gif
2002.04.30 08:06 B d:\paginas web\HIJOSNEW\prensa\tapasemanario.jpg --> cablemodem.fibertel.com.ar /prensa/tapas tapasemanario.jpg
2002.05.24 01:10 B d:\Paginas Web\HIJOSNEW\prensa\reco01.gif --> cablemodem.fibertel.com.ar /prensa reco01.gif
2002.05.24 01:10 B d:\Paginas Web\HIJOSNEW\prensa\reco02.gif --> cablemodem.fibertel.com.ar /prensa reco02.gif
