2002.04.25 16:46 B d:\Paginas Web\HIJOSNEW\lobas\daisy.htm --> cablemodem.fibertel.com.ar /lobas daisy.htm
2002.04.25 16:46 B d:\Paginas Web\HIJOSNEW\lobas\karina.gif --> cablemodem.fibertel.com.ar /lobas karina.gif
2002.04.25 16:46 B d:\Paginas Web\HIJOSNEW\lobas\karina.jpg --> cablemodem.fibertel.com.ar /lobas karina.jpg
2002.04.25 16:46 B d:\Paginas Web\HIJOSNEW\lobas\menu.htm --> cablemodem.fibertel.com.ar /lobas menu.htm
2002.04.25 16:47 B d:\Paginas Web\HIJOSNEW\lobas\pspbrwse.jbf --> cablemodem.fibertel.com.ar /lobas pspbrwse.jbf
2002.04.25 16:47 B d:\Paginas Web\HIJOSNEW\lobas\recuerdo.gif --> cablemodem.fibertel.com.ar /lobas recuerdo.gif
2002.05.02 18:06 B d:\paginas web\HIJOSNEW\lobas\daisy.htm --> cablemodem.fibertel.com.ar /lobas daisy.htm
2002.05.02 18:06 B d:\paginas web\HIJOSNEW\lobas\karina.htm --> cablemodem.fibertel.com.ar /lobas karina.htm
2002.05.02 18:06 B d:\paginas web\HIJOSNEW\lobas\daisy.gif --> cablemodem.fibertel.com.ar /lobas daisy.gif
2002.05.02 18:06 B d:\paginas web\HIJOSNEW\lobas\vasquez.jpg --> cablemodem.fibertel.com.ar /lobas vasquez.jpg
2002.05.02 18:06 B d:\paginas web\HIJOSNEW\lobas\mariav.gif --> cablemodem.fibertel.com.ar /lobas mariav.gif
2002.05.02 18:06 B d:\paginas web\HIJOSNEW\lobas\menu.htm --> cablemodem.fibertel.com.ar /lobas menu.htm
2002.05.03 08:13 B d:\paginas web\HIJOSNEW\lobas\daisy.htm --> cablemodem.fibertel.com.ar /lobas daisy.htm
2002.05.03 08:13 B d:\paginas web\HIJOSNEW\lobas\karina.htm --> cablemodem.fibertel.com.ar /lobas karina.htm
2002.05.03 08:13 B d:\paginas web\HIJOSNEW\lobas\menu.htm --> cablemodem.fibertel.com.ar /lobas menu.htm
2002.05.11 10:26 B d:\paginas web\HIJOSNEW\lobas\kidman.gif --> cablemodem.fibertel.com.ar /lobas kidman.gif
2002.05.11 10:26 B d:\paginas web\HIJOSNEW\lobas\kidman.jpg --> cablemodem.fibertel.com.ar /lobas kidman.jpg
2002.05.11 10:26 B d:\paginas web\HIJOSNEW\lobas\menu.htm --> cablemodem.fibertel.com.ar /lobas menu.htm
2002.05.11 10:26 B d:\paginas web\HIJOSNEW\lobas\vaquez.htm --> cablemodem.fibertel.com.ar /lobas vaquez.htm
2002.05.11 10:29 B d:\paginas web\HIJOSNEW\lobas\vaquez.htm --> cablemodem.fibertel.com.ar /lobas vaquez.htm
2002.05.11 12:09 B d:\paginas web\HIJOSNEW\lobas\menu.htm --> cablemodem.fibertel.com.ar /lobas menu.htm
