2002.05.03 06:40 B d:\paginas web\HIJOSNEW\boton3\banda01.gif --> cablemodem.fibertel.com.ar /boton3 banda01.gif
2002.05.03 06:40 B d:\paginas web\HIJOSNEW\boton3\banda02.gif --> cablemodem.fibertel.com.ar /boton3 banda02.gif
2002.05.03 06:40 B d:\paginas web\HIJOSNEW\boton3\contac01.gif --> cablemodem.fibertel.com.ar /boton3 contac01.gif
2002.05.03 06:40 B d:\paginas web\HIJOSNEW\boton3\contac02.gif --> cablemodem.fibertel.com.ar /boton3 contac02.gif
2002.05.03 06:40 B d:\paginas web\HIJOSNEW\boton3\copy01.gif --> cablemodem.fibertel.com.ar /boton3 copy01.gif
2002.05.03 06:40 B d:\paginas web\HIJOSNEW\boton3\copy02.gif --> cablemodem.fibertel.com.ar /boton3 copy02.gif
2002.05.03 06:40 B d:\paginas web\HIJOSNEW\boton3\data01.gif --> cablemodem.fibertel.com.ar /boton3 data01.gif
2002.05.03 06:40 B d:\paginas web\HIJOSNEW\boton3\data02.gif --> cablemodem.fibertel.com.ar /boton3 data02.gif
2002.05.03 06:40 B d:\paginas web\HIJOSNEW\boton3\fechas01.gif --> cablemodem.fibertel.com.ar /boton3 fechas01.gif
2002.05.03 06:40 B d:\paginas web\HIJOSNEW\boton3\fechas02.gif --> cablemodem.fibertel.com.ar /boton3 fechas02.gif
2002.05.03 06:40 B d:\paginas web\HIJOSNEW\boton3\fotos01.gif --> cablemodem.fibertel.com.ar /boton3 fotos01.gif
2002.05.03 06:40 B d:\paginas web\HIJOSNEW\boton3\fotos02.gif --> cablemodem.fibertel.com.ar /boton3 fotos02.gif
2002.05.03 06:40 B d:\paginas web\HIJOSNEW\boton3\horo01.gif --> cablemodem.fibertel.com.ar /boton3 horo01.gif
2002.05.03 06:40 B d:\paginas web\HIJOSNEW\boton3\horo02.gif --> cablemodem.fibertel.com.ar /boton3 horo02.gif
2002.05.03 06:40 B d:\paginas web\HIJOSNEW\boton3\ini01.gif --> cablemodem.fibertel.com.ar /boton3 ini01.gif
2002.05.03 06:40 B d:\paginas web\HIJOSNEW\boton3\ini02.gif --> cablemodem.fibertel.com.ar /boton3 ini02.gif
2002.05.03 06:40 B d:\paginas web\HIJOSNEW\boton3\letras01.gif --> cablemodem.fibertel.com.ar /boton3 letras01.gif
2002.05.03 06:40 B d:\paginas web\HIJOSNEW\boton3\letras02.gif --> cablemodem.fibertel.com.ar /boton3 letras02.gif
2002.05.03 06:40 B d:\paginas web\HIJOSNEW\boton3\loba01.gif --> cablemodem.fibertel.com.ar /boton3 loba01.gif
2002.05.03 06:40 B d:\paginas web\HIJOSNEW\boton3\loba02.gif --> cablemodem.fibertel.com.ar /boton3 loba02.gif
2002.05.03 06:40 B d:\paginas web\HIJOSNEW\boton3\mp301.gif --> cablemodem.fibertel.com.ar /boton3 mp301.gif
2002.05.03 06:40 B d:\paginas web\HIJOSNEW\boton3\mp302.gif --> cablemodem.fibertel.com.ar /boton3 mp302.gif
2002.05.03 06:40 B d:\paginas web\HIJOSNEW\boton3\prensa01.gif --> cablemodem.fibertel.com.ar /boton3 prensa01.gif
2002.05.03 06:40 B d:\paginas web\HIJOSNEW\boton3\prensa02.gif --> cablemodem.fibertel.com.ar /boton3 prensa02.gif
2002.05.03 06:40 B d:\paginas web\HIJOSNEW\boton3\radio01.gif --> cablemodem.fibertel.com.ar /boton3 radio01.gif
2002.05.03 06:40 B d:\paginas web\HIJOSNEW\boton3\radio02.gif --> cablemodem.fibertel.com.ar /boton3 radio02.gif
