2001.11.10 07:03 B d:\Paginas Web\HIJOSNEW\boton2\banda1.gif --> cablemodem.fibertel.com.ar /robertososa/boton2 banda1.gif
2001.11.10 07:03 B d:\Paginas Web\HIJOSNEW\boton2\banda2.gif --> cablemodem.fibertel.com.ar /robertososa/boton2 banda2.gif
2001.11.10 07:03 B d:\Paginas Web\HIJOSNEW\boton2\contac1.gif --> cablemodem.fibertel.com.ar /robertososa/boton2 contac1.gif
2001.11.10 07:03 B d:\Paginas Web\HIJOSNEW\boton2\contac2.gif --> cablemodem.fibertel.com.ar /robertososa/boton2 contac2.gif
2001.11.10 07:03 B d:\Paginas Web\HIJOSNEW\boton2\copy1.gif --> cablemodem.fibertel.com.ar /robertososa/boton2 copy1.gif
2001.11.10 07:03 B d:\Paginas Web\HIJOSNEW\boton2\copy2.gif --> cablemodem.fibertel.com.ar /robertososa/boton2 copy2.gif
2001.11.10 07:03 B d:\Paginas Web\HIJOSNEW\boton2\data1.gif --> cablemodem.fibertel.com.ar /robertososa/boton2 data1.gif
2001.11.10 07:03 B d:\Paginas Web\HIJOSNEW\boton2\data2.gif --> cablemodem.fibertel.com.ar /robertososa/boton2 data2.gif
2001.11.10 07:03 B d:\Paginas Web\HIJOSNEW\boton2\extra.gif --> cablemodem.fibertel.com.ar /robertososa/boton2 extra.gif
2001.11.10 07:04 B d:\Paginas Web\HIJOSNEW\boton2\banda1.gif --> cablemodem.fibertel.com.ar /robertososa/boton2 banda1.gif
2001.11.10 07:04 B d:\Paginas Web\HIJOSNEW\boton2\banda2.gif --> cablemodem.fibertel.com.ar /robertososa/boton2 banda2.gif
2001.11.10 07:04 B d:\Paginas Web\HIJOSNEW\boton2\contac1.gif --> cablemodem.fibertel.com.ar /robertososa/boton2 contac1.gif
2001.11.10 07:04 B d:\Paginas Web\HIJOSNEW\boton2\contac2.gif --> cablemodem.fibertel.com.ar /robertososa/boton2 contac2.gif
2001.11.10 07:04 B d:\Paginas Web\HIJOSNEW\boton2\copy1.gif --> cablemodem.fibertel.com.ar /robertososa/boton2 copy1.gif
2001.11.10 07:04 B d:\Paginas Web\HIJOSNEW\boton2\copy2.gif --> cablemodem.fibertel.com.ar /robertososa/boton2 copy2.gif
2001.11.10 07:04 B d:\Paginas Web\HIJOSNEW\boton2\data1.gif --> cablemodem.fibertel.com.ar /robertososa/boton2 data1.gif
2001.11.10 07:04 B d:\Paginas Web\HIJOSNEW\boton2\data2.gif --> cablemodem.fibertel.com.ar /robertososa/boton2 data2.gif
2001.11.10 07:04 B d:\Paginas Web\HIJOSNEW\boton2\extra.gif --> cablemodem.fibertel.com.ar /robertososa/boton2 extra.gif
2001.11.10 07:04 B d:\Paginas Web\HIJOSNEW\boton2\fechas1.gif --> cablemodem.fibertel.com.ar /robertososa/boton2 fechas1.gif
2001.11.10 07:04 B d:\Paginas Web\HIJOSNEW\boton2\fechas2.gif --> cablemodem.fibertel.com.ar /robertososa/boton2 fechas2.gif
2001.11.10 07:04 B d:\Paginas Web\HIJOSNEW\boton2\fotos1.gif --> cablemodem.fibertel.com.ar /robertososa/boton2 fotos1.gif
2001.11.10 07:04 B d:\Paginas Web\HIJOSNEW\boton2\fotos2.gif --> cablemodem.fibertel.com.ar /robertososa/boton2 fotos2.gif
2001.11.10 07:04 B d:\Paginas Web\HIJOSNEW\boton2\horo1.gif --> cablemodem.fibertel.com.ar /robertososa/boton2 horo1.gif
2001.11.10 07:04 B d:\Paginas Web\HIJOSNEW\boton2\horo2.gif --> cablemodem.fibertel.com.ar /robertososa/boton2 horo2.gif
2001.11.10 07:04 B d:\Paginas Web\HIJOSNEW\boton2\inicio1.gif --> cablemodem.fibertel.com.ar /robertososa/boton2 inicio1.gif
2001.11.10 07:04 B d:\Paginas Web\HIJOSNEW\boton2\inicio2.gif --> cablemodem.fibertel.com.ar /robertososa/boton2 inicio2.gif
2001.11.10 07:04 B d:\Paginas Web\HIJOSNEW\boton2\letras1.gif --> cablemodem.fibertel.com.ar /robertososa/boton2 letras1.gif
2001.11.10 07:04 B d:\Paginas Web\HIJOSNEW\boton2\letras2.gif --> cablemodem.fibertel.com.ar /robertososa/boton2 letras2.gif
2001.11.10 07:04 B d:\Paginas Web\HIJOSNEW\boton2\loba1.gif --> cablemodem.fibertel.com.ar /robertososa/boton2 loba1.gif
2001.11.10 07:04 B d:\Paginas Web\HIJOSNEW\boton2\loba2.gif --> cablemodem.fibertel.com.ar /robertososa/boton2 loba2.gif
2001.11.10 07:04 B d:\Paginas Web\HIJOSNEW\boton2\mp31.gif --> cablemodem.fibertel.com.ar /robertososa/boton2 mp31.gif
2001.11.10 07:04 B d:\Paginas Web\HIJOSNEW\boton2\mp32.gif --> cablemodem.fibertel.com.ar /robertososa/boton2 mp32.gif
2001.11.10 07:04 B d:\Paginas Web\HIJOSNEW\boton2\prensa1.gif --> cablemodem.fibertel.com.ar /robertososa/boton2 prensa1.gif
2001.11.10 07:04 B d:\Paginas Web\HIJOSNEW\boton2\prensa2.gif --> cablemodem.fibertel.com.ar /robertososa/boton2 prensa2.gif
2001.11.10 07:04 B d:\Paginas Web\HIJOSNEW\boton2\volver1.gif --> cablemodem.fibertel.com.ar /robertososa/boton2 volver1.gif
2001.11.10 07:04 B d:\Paginas Web\HIJOSNEW\boton2\volver2.gif --> cablemodem.fibertel.com.ar /robertososa/boton2 volver2.gif
2001.11.14 03:28 B d:\Paginas Web\HIJOSNEW\boton2\pren1.gif --> cablemodem.fibertel.com.ar /robertososa/boton2 pren1.gif
2001.11.14 03:28 B d:\Paginas Web\HIJOSNEW\boton2\pren2.gif --> cablemodem.fibertel.com.ar /robertososa/boton2 pren2.gif
2001.11.14 03:28 B d:\Paginas Web\HIJOSNEW\boton2\rad1.gif --> cablemodem.fibertel.com.ar /robertososa/boton2 rad1.gif
2001.11.14 03:28 B d:\Paginas Web\HIJOSNEW\boton2\rad2.gif --> cablemodem.fibertel.com.ar /robertososa/boton2 rad2.gif
2001.11.14 03:28 B d:\Paginas Web\HIJOSNEW\boton2\banda1.gif --> cablemodem.fibertel.com.ar /robertososa banda1.gif
2002.04.25 16:47 B d:\Paginas Web\HIJOSNEW\boton2\chicas1.gif --> cablemodem.fibertel.com.ar /boton2 chicas1.gif
2002.04.25 16:47 B d:\Paginas Web\HIJOSNEW\boton2\chicas2.gif --> cablemodem.fibertel.com.ar /boton2 chicas2.gif
2002.05.03 05:27 B d:\paginas web\HIJOSNEW\boton2\foro01.gif --> cablemodem.fibertel.com.ar /boton2 foro01.gif
2002.05.03 05:27 B d:\paginas web\HIJOSNEW\boton2\foro02.gif --> cablemodem.fibertel.com.ar /boton2 foro02.gif
