2002.05.10 22:18 B d:\paginas web\HIJOSNEW\auspiciantes\atras.gif --> cablemodem.fibertel.com.ar /auspiciantes atras.gif
2002.05.10 22:18 B d:\paginas web\HIJOSNEW\auspiciantes\auspi01.gif --> cablemodem.fibertel.com.ar /auspiciantes auspi01.gif
2002.05.10 22:18 B d:\paginas web\HIJOSNEW\auspiciantes\auspi02.gif --> cablemodem.fibertel.com.ar /auspiciantes auspi02.gif
2002.05.10 22:18 B d:\paginas web\HIJOSNEW\auspiciantes\banelco.jpg --> cablemodem.fibertel.com.ar /auspiciantes banelco.jpg
2002.05.10 22:18 B d:\paginas web\HIJOSNEW\auspiciantes\boston.jpg --> cablemodem.fibertel.com.ar /auspiciantes boston.jpg
2002.05.10 22:18 B d:\paginas web\HIJOSNEW\auspiciantes\correoarg.jpg --> cablemodem.fibertel.com.ar /auspiciantes correoarg.jpg
2002.05.10 22:18 B d:\paginas web\HIJOSNEW\auspiciantes\directv.jpg --> cablemodem.fibertel.com.ar /auspiciantes directv.jpg
2002.05.10 22:18 B d:\paginas web\HIJOSNEW\auspiciantes\disco.jpg --> cablemodem.fibertel.com.ar /auspiciantes disco.jpg
2002.05.10 22:18 B d:\paginas web\HIJOSNEW\auspiciantes\galicia.jpg --> cablemodem.fibertel.com.ar /auspiciantes galicia.jpg
2002.05.10 22:18 B d:\paginas web\HIJOSNEW\auspiciantes\hdp.jpg --> cablemodem.fibertel.com.ar /auspiciantes hdp.jpg
2002.05.10 22:18 B d:\paginas web\HIJOSNEW\auspiciantes\hipotecario.jpg --> cablemodem.fibertel.com.ar /auspiciantes hipotecario.jpg
2002.05.10 22:18 B d:\paginas web\HIJOSNEW\auspiciantes\ibm.jpg --> cablemodem.fibertel.com.ar /auspiciantes ibm.jpg
2002.05.10 22:18 B d:\paginas web\HIJOSNEW\auspiciantes\logoblack.gif --> cablemodem.fibertel.com.ar /auspiciantes logoblack.gif
2002.05.10 22:18 B d:\paginas web\HIJOSNEW\auspiciantes\macdonals.jpg --> cablemodem.fibertel.com.ar /auspiciantes macdonals.jpg
2002.05.10 22:18 B d:\paginas web\HIJOSNEW\auspiciantes\mastercard.jpg --> cablemodem.fibertel.com.ar /auspiciantes mastercard.jpg
2002.05.10 22:18 B d:\paginas web\HIJOSNEW\auspiciantes\movicom.jpg --> cablemodem.fibertel.com.ar /auspiciantes movicom.jpg
2002.05.10 22:18 B d:\paginas web\HIJOSNEW\auspiciantes\oca.jpg --> cablemodem.fibertel.com.ar /auspiciantes oca.jpg
2002.05.10 22:18 B d:\paginas web\HIJOSNEW\auspiciantes\personal.jpg --> cablemodem.fibertel.com.ar /auspiciantes personal.jpg
2002.05.10 22:18 B d:\paginas web\HIJOSNEW\auspiciantes\pspbrwse.jbf --> cablemodem.fibertel.com.ar /auspiciantes pspbrwse.jbf
2002.05.10 22:18 B d:\paginas web\HIJOSNEW\auspiciantes\rio.jpg --> cablemodem.fibertel.com.ar /auspiciantes rio.jpg
2002.05.10 22:18 B d:\paginas web\HIJOSNEW\auspiciantes\siguiente.gif --> cablemodem.fibertel.com.ar /auspiciantes siguiente.gif
2002.05.10 22:18 B d:\paginas web\HIJOSNEW\auspiciantes\sponsors.gif --> cablemodem.fibertel.com.ar /auspiciantes sponsors.gif
2002.05.10 22:18 B d:\paginas web\HIJOSNEW\auspiciantes\telecom.jpg --> cablemodem.fibertel.com.ar /auspiciantes telecom.jpg
2002.05.10 22:18 B d:\paginas web\HIJOSNEW\auspiciantes\visa.jpg --> cablemodem.fibertel.com.ar /auspiciantes visa.jpg
