2002.05.27 12:20 B D:\Paginas Web\HIJOSNEW\religion\042.jpg --> cablemodem.fibertel.com.ar /religion 042.jpg
2002.05.27 12:20 B D:\Paginas Web\HIJOSNEW\religion\acpic36b.gif --> cablemodem.fibertel.com.ar /religion acpic36b.gif
2002.05.27 12:20 B D:\Paginas Web\HIJOSNEW\religion\asesino.jpg --> cablemodem.fibertel.com.ar /religion asesino.jpg
2002.05.27 12:20 B D:\Paginas Web\HIJOSNEW\religion\chicodiablo.htm --> cablemodem.fibertel.com.ar /religion chicodiablo.htm
2002.05.27 12:20 B D:\Paginas Web\HIJOSNEW\religion\chicodiablo.jpg --> cablemodem.fibertel.com.ar /religion chicodiablo.jpg
2002.05.27 12:20 B D:\Paginas Web\HIJOSNEW\religion\dientes.jpg --> cablemodem.fibertel.com.ar /religion dientes.jpg
2002.05.27 12:20 B D:\Paginas Web\HIJOSNEW\religion\drogandose.jpg --> cablemodem.fibertel.com.ar /religion drogandose.jpg
2002.05.27 12:20 B D:\Paginas Web\HIJOSNEW\religion\elguru.jpg --> cablemodem.fibertel.com.ar /religion elguru.jpg
2002.05.27 12:20 B D:\Paginas Web\HIJOSNEW\religion\enano.jpg --> cablemodem.fibertel.com.ar /religion enano.jpg
2002.05.27 12:20 B D:\Paginas Web\HIJOSNEW\religion\exito.jpg --> cablemodem.fibertel.com.ar /religion exito.jpg
2002.05.27 12:20 B D:\Paginas Web\HIJOSNEW\religion\Image1.jpg --> cablemodem.fibertel.com.ar /religion Image1.jpg
2002.05.27 12:20 B D:\Paginas Web\HIJOSNEW\religion\inside.gif --> cablemodem.fibertel.com.ar /religion inside.gif
2002.05.27 12:20 B D:\Paginas Web\HIJOSNEW\religion\jesus.jpg --> cablemodem.fibertel.com.ar /religion jesus.jpg
2002.05.27 12:20 B D:\Paginas Web\HIJOSNEW\religion\jesusjuo2.jpg --> cablemodem.fibertel.com.ar /religion jesusjuo2.jpg
2002.05.27 12:21 B D:\Paginas Web\HIJOSNEW\religion\logo.bmp --> cablemodem.fibertel.com.ar /religion logo.bmp
2002.05.27 12:21 B D:\Paginas Web\HIJOSNEW\religion\logo.gif --> cablemodem.fibertel.com.ar /religion logo.gif
2002.05.27 12:21 B D:\Paginas Web\HIJOSNEW\religion\martinfeo.htm --> cablemodem.fibertel.com.ar /religion martinfeo.htm
2002.05.27 12:21 B D:\Paginas Web\HIJOSNEW\religion\moda.jpg --> cablemodem.fibertel.com.ar /religion moda.jpg
2002.05.27 12:21 B D:\Paginas Web\HIJOSNEW\religion\muerto.jpg --> cablemodem.fibertel.com.ar /religion muerto.jpg
2002.05.27 12:21 B D:\Paginas Web\HIJOSNEW\religion\otup.jpg --> cablemodem.fibertel.com.ar /religion otup.jpg
2002.05.27 12:21 B D:\Paginas Web\HIJOSNEW\religion\padre.jpg --> cablemodem.fibertel.com.ar /religion padre.jpg
2002.05.27 12:21 B D:\Paginas Web\HIJOSNEW\religion\papa.gif --> cablemodem.fibertel.com.ar /religion papa.gif
2002.05.27 12:22 B D:\Paginas Web\HIJOSNEW\religion\perdonadme.gif --> cablemodem.fibertel.com.ar /religion perdonadme.gif
2002.05.27 12:22 B D:\Paginas Web\HIJOSNEW\religion\portal.htm --> cablemodem.fibertel.com.ar /religion portal.htm
2002.05.27 12:22 B D:\Paginas Web\HIJOSNEW\religion\poseido.jpg --> cablemodem.fibertel.com.ar /religion poseido.jpg
2002.05.27 12:22 B D:\Paginas Web\HIJOSNEW\religion\quienes.gif --> cablemodem.fibertel.com.ar /religion quienes.gif
2002.05.27 12:22 B D:\Paginas Web\HIJOSNEW\religion\quiero.gif --> cablemodem.fibertel.com.ar /religion quiero.gif
2002.05.27 12:22 B D:\Paginas Web\HIJOSNEW\religion\ruffeti.jpg --> cablemodem.fibertel.com.ar /religion ruffeti.jpg
2002.05.27 12:22 B D:\Paginas Web\HIJOSNEW\religion\sosa.jpg --> cablemodem.fibertel.com.ar /religion sosa.jpg
2002.05.27 12:22 B D:\Paginas Web\HIJOSNEW\religion\suicida.htm --> cablemodem.fibertel.com.ar /religion suicida.htm
2002.05.27 12:22 B D:\Paginas Web\HIJOSNEW\religion\suicida.jpg --> cablemodem.fibertel.com.ar /religion suicida.jpg
2002.05.27 12:22 B D:\Paginas Web\HIJOSNEW\religion\tiocosa.jpg --> cablemodem.fibertel.com.ar /religion tiocosa.jpg
2002.05.27 12:22 B D:\Paginas Web\HIJOSNEW\religion\travesti2.jpg --> cablemodem.fibertel.com.ar /religion travesti2.jpg
2002.05.27 12:22 B D:\Paginas Web\HIJOSNEW\religion\ugly.jpg --> cablemodem.fibertel.com.ar /religion ugly.jpg
2002.05.27 12:22 B D:\Paginas Web\HIJOSNEW\religion\vieiro.jpg --> cablemodem.fibertel.com.ar /religion vieiro.jpg
2002.05.27 12:22 B D:\Paginas Web\HIJOSNEW\religion\virgil.jpg --> cablemodem.fibertel.com.ar /religion virgil.jpg
