2001.11.05 02:07 B d:\Paginas Web\HIJOSNEW\graficos\back.gif --> cablemodem.fibertel.com.ar /robertososa/graficos back.gif
2001.11.05 02:07 B d:\Paginas Web\HIJOSNEW\graficos\back2.gif --> cablemodem.fibertel.com.ar /robertososa/graficos back2.gif
2001.11.05 02:07 B d:\Paginas Web\HIJOSNEW\graficos\bajar.gif --> cablemodem.fibertel.com.ar /robertososa/graficos bajar.gif
2001.11.05 02:07 B d:\Paginas Web\HIJOSNEW\graficos\bajo.gif --> cablemodem.fibertel.com.ar /robertososa/graficos bajo.gif
2001.11.05 02:07 B d:\Paginas Web\HIJOSNEW\graficos\banda.gif --> cablemodem.fibertel.com.ar /robertososa/graficos banda.gif
2001.11.05 02:07 B d:\Paginas Web\HIJOSNEW\graficos\bateria.gif --> cablemodem.fibertel.com.ar /robertososa/graficos bateria.gif
2001.11.05 02:07 B d:\Paginas Web\HIJOSNEW\graficos\bmenu.jpg --> cablemodem.fibertel.com.ar /robertososa/graficos bmenu.jpg
2001.11.05 02:07 B d:\Paginas Web\HIJOSNEW\graficos\bullet.gif --> cablemodem.fibertel.com.ar /robertososa/graficos bullet.gif
2001.11.05 02:07 B d:\Paginas Web\HIJOSNEW\graficos\cartas.gif --> cablemodem.fibertel.com.ar /robertososa/graficos cartas.gif
2001.11.05 02:07 B d:\Paginas Web\HIJOSNEW\graficos\contactos.gif --> cablemodem.fibertel.com.ar /robertososa/graficos contactos.gif
2001.11.05 02:07 B d:\Paginas Web\HIJOSNEW\graficos\copy.gif --> cablemodem.fibertel.com.ar /robertososa/graficos copy.gif
2001.11.05 02:07 B d:\Paginas Web\HIJOSNEW\graficos\data.gif --> cablemodem.fibertel.com.ar /robertososa/graficos data.gif
2001.11.05 02:08 B d:\Paginas Web\HIJOSNEW\graficos\diablo.gif --> cablemodem.fibertel.com.ar /robertososa/graficos diablo.gif
2001.11.05 02:08 B d:\Paginas Web\HIJOSNEW\graficos\DIBU117.JPG --> cablemodem.fibertel.com.ar /robertososa/graficos DIBU117.JPG
2001.11.05 02:08 B d:\Paginas Web\HIJOSNEW\graficos\exe.jpg --> cablemodem.fibertel.com.ar /robertososa/graficos exe.jpg
2001.11.05 02:08 B d:\Paginas Web\HIJOSNEW\graficos\exequ.jpg --> cablemodem.fibertel.com.ar /robertososa/graficos exequ.jpg
2001.11.05 02:08 B d:\Paginas Web\HIJOSNEW\graficos\fechas.gif --> cablemodem.fibertel.com.ar /robertososa/graficos fechas.gif
2001.11.05 02:08 B d:\Paginas Web\HIJOSNEW\graficos\firmaldv.gif --> cablemodem.fibertel.com.ar /robertososa/graficos firmaldv.gif
2001.11.05 02:08 B d:\Paginas Web\HIJOSNEW\graficos\firmaldv2.gif --> cablemodem.fibertel.com.ar /robertososa/graficos firmaldv2.gif
2001.11.05 02:08 B d:\Paginas Web\HIJOSNEW\graficos\fotos.gif --> cablemodem.fibertel.com.ar /robertososa/graficos fotos.gif
2001.11.05 02:08 B d:\Paginas Web\HIJOSNEW\graficos\fotos2.gif --> cablemodem.fibertel.com.ar /robertososa/graficos fotos2.gif
2001.11.05 02:08 B d:\Paginas Web\HIJOSNEW\graficos\gon.jpg --> cablemodem.fibertel.com.ar /robertososa/graficos gon.jpg
2001.11.05 02:08 B d:\Paginas Web\HIJOSNEW\graficos\goncha.jpg --> cablemodem.fibertel.com.ar /robertososa/graficos goncha.jpg
2001.11.05 02:08 B d:\Paginas Web\HIJOSNEW\graficos\guit.gif --> cablemodem.fibertel.com.ar /robertososa/graficos guit.gif
2001.11.05 02:08 B d:\Paginas Web\HIJOSNEW\graficos\hijos.gif --> cablemodem.fibertel.com.ar /robertososa/graficos hijos.gif
2001.11.05 02:08 B d:\Paginas Web\HIJOSNEW\graficos\Image18.gif --> cablemodem.fibertel.com.ar /robertososa/graficos Image18.gif
2001.11.05 02:08 B d:\Paginas Web\HIJOSNEW\graficos\letras.gif --> cablemodem.fibertel.com.ar /robertososa/graficos letras.gif
2001.11.05 02:08 B d:\Paginas Web\HIJOSNEW\graficos\letrasver.gif --> cablemodem.fibertel.com.ar /robertososa/graficos letrasver.gif
2001.11.05 02:08 B d:\Paginas Web\HIJOSNEW\graficos\letrasver2.gif --> cablemodem.fibertel.com.ar /robertososa/graficos letrasver2.gif
2001.11.05 02:08 B d:\Paginas Web\HIJOSNEW\graficos\mail.gif --> cablemodem.fibertel.com.ar /robertososa/graficos mail.gif
2001.11.05 02:08 B d:\Paginas Web\HIJOSNEW\graficos\mail2.gif --> cablemodem.fibertel.com.ar /robertososa/graficos mail2.gif
2001.11.05 02:08 B d:\Paginas Web\HIJOSNEW\graficos\manager.gif --> cablemodem.fibertel.com.ar /robertososa/graficos manager.gif
2001.11.05 02:08 B d:\Paginas Web\HIJOSNEW\graficos\mexe.gif --> cablemodem.fibertel.com.ar /robertososa/graficos mexe.gif
2001.11.05 02:08 B d:\Paginas Web\HIJOSNEW\graficos\mgon.gif --> cablemodem.fibertel.com.ar /robertososa/graficos mgon.gif
2001.11.05 02:08 B d:\Paginas Web\HIJOSNEW\graficos\MHIJOS.gif --> cablemodem.fibertel.com.ar /robertososa/graficos MHIJOS.gif
2001.11.05 02:08 B d:\Paginas Web\HIJOSNEW\graficos\mmexe.gif --> cablemodem.fibertel.com.ar /robertososa/graficos mmexe.gif
2001.11.05 02:08 B d:\Paginas Web\HIJOSNEW\graficos\mmhijos.gif --> cablemodem.fibertel.com.ar /robertososa/graficos mmhijos.gif
2001.11.05 02:08 B d:\Paginas Web\HIJOSNEW\graficos\mmmhijos.gif --> cablemodem.fibertel.com.ar /robertososa/graficos mmmhijos.gif
2001.11.05 02:08 B d:\Paginas Web\HIJOSNEW\graficos\mp3.gif --> cablemodem.fibertel.com.ar /robertososa/graficos mp3.gif
2001.11.05 02:08 B d:\Paginas Web\HIJOSNEW\graficos\mro.gif --> cablemodem.fibertel.com.ar /robertososa/graficos mro.gif
2001.11.05 02:08 B d:\Paginas Web\HIJOSNEW\graficos\mro.jpg --> cablemodem.fibertel.com.ar /robertososa/graficos mro.jpg
2001.11.05 02:08 B d:\Paginas Web\HIJOSNEW\graficos\newdir.gif --> cablemodem.fibertel.com.ar /robertososa/graficos newdir.gif
2001.11.05 02:08 B d:\Paginas Web\HIJOSNEW\graficos\notas.gif --> cablemodem.fibertel.com.ar /robertososa/graficos notas.gif
2001.11.05 02:08 B d:\Paginas Web\HIJOSNEW\graficos\pruebin.gif --> cablemodem.fibertel.com.ar /robertososa/graficos pruebin.gif
2001.11.05 02:08 B d:\Paginas Web\HIJOSNEW\graficos\pruebin.jpg --> cablemodem.fibertel.com.ar /robertososa/graficos pruebin.jpg
2001.11.05 02:08 B d:\Paginas Web\HIJOSNEW\graficos\pspbrwse.jbf --> cablemodem.fibertel.com.ar /robertososa/graficos pspbrwse.jbf
2001.11.05 02:08 B d:\Paginas Web\HIJOSNEW\graficos\ro.jpg --> cablemodem.fibertel.com.ar /robertososa/graficos ro.jpg
2001.11.05 02:08 B d:\Paginas Web\HIJOSNEW\graficos\tapa.jpg --> cablemodem.fibertel.com.ar /robertososa/graficos tapa.jpg
2001.11.05 02:08 B d:\Paginas Web\HIJOSNEW\graficos\Untitled.gif --> cablemodem.fibertel.com.ar /robertososa/graficos Untitled.gif
2001.11.05 02:08 B d:\Paginas Web\HIJOSNEW\graficos\veldv.gif --> cablemodem.fibertel.com.ar /robertososa/graficos veldv.gif
2001.11.05 02:08 B d:\Paginas Web\HIJOSNEW\graficos\veldv2.gif --> cablemodem.fibertel.com.ar /robertososa/graficos veldv2.gif
2001.11.05 02:08 B d:\Paginas Web\HIJOSNEW\graficos\vivo.gif --> cablemodem.fibertel.com.ar /robertososa/graficos vivo.gif
2001.11.05 02:22 B d:\Paginas Web\HIJOSNEW\graficos\back.gif --> cablemodem.fibertel.com.ar /robertososa/graficos back.gif
2001.11.05 02:22 B d:\Paginas Web\HIJOSNEW\graficos\back2.gif --> cablemodem.fibertel.com.ar /robertososa/graficos back2.gif
2001.11.05 02:22 B d:\Paginas Web\HIJOSNEW\graficos\bajar.gif --> cablemodem.fibertel.com.ar /robertososa/graficos bajar.gif
2001.11.05 02:22 B d:\Paginas Web\HIJOSNEW\graficos\bajo.gif --> cablemodem.fibertel.com.ar /robertososa/graficos bajo.gif
2001.11.05 02:22 B d:\Paginas Web\HIJOSNEW\graficos\banda.gif --> cablemodem.fibertel.com.ar /robertososa/graficos banda.gif
2001.11.05 02:22 B d:\Paginas Web\HIJOSNEW\graficos\bateria.gif --> cablemodem.fibertel.com.ar /robertososa/graficos bateria.gif
2001.11.05 02:22 B d:\Paginas Web\HIJOSNEW\graficos\bmenu.jpg --> cablemodem.fibertel.com.ar /robertososa/graficos bmenu.jpg
2001.11.05 02:22 B d:\Paginas Web\HIJOSNEW\graficos\bullet.gif --> cablemodem.fibertel.com.ar /robertososa/graficos bullet.gif
2001.11.05 02:22 B d:\Paginas Web\HIJOSNEW\graficos\cartas.gif --> cablemodem.fibertel.com.ar /robertososa/graficos cartas.gif
2001.11.05 02:22 B d:\Paginas Web\HIJOSNEW\graficos\contactos.gif --> cablemodem.fibertel.com.ar /robertososa/graficos contactos.gif
2001.11.05 02:22 B d:\Paginas Web\HIJOSNEW\graficos\copy.gif --> cablemodem.fibertel.com.ar /robertososa/graficos copy.gif
2001.11.05 02:22 B d:\Paginas Web\HIJOSNEW\graficos\data.gif --> cablemodem.fibertel.com.ar /robertososa/graficos data.gif
2001.11.05 02:22 B d:\Paginas Web\HIJOSNEW\graficos\diablo.gif --> cablemodem.fibertel.com.ar /robertososa/graficos diablo.gif
2001.11.05 02:22 B d:\Paginas Web\HIJOSNEW\graficos\DIBU117.JPG --> cablemodem.fibertel.com.ar /robertososa/graficos DIBU117.JPG
2001.11.05 02:22 B d:\Paginas Web\HIJOSNEW\graficos\exe.jpg --> cablemodem.fibertel.com.ar /robertososa/graficos exe.jpg
2001.11.05 02:22 B d:\Paginas Web\HIJOSNEW\graficos\exequ.jpg --> cablemodem.fibertel.com.ar /robertososa/graficos exequ.jpg
2001.11.05 02:22 B d:\Paginas Web\HIJOSNEW\graficos\fechas.gif --> cablemodem.fibertel.com.ar /robertososa/graficos fechas.gif
2001.11.05 02:22 B d:\Paginas Web\HIJOSNEW\graficos\firmaldv.gif --> cablemodem.fibertel.com.ar /robertososa/graficos firmaldv.gif
2001.11.05 02:22 B d:\Paginas Web\HIJOSNEW\graficos\firmaldv2.gif --> cablemodem.fibertel.com.ar /robertososa/graficos firmaldv2.gif
2001.11.05 02:22 B d:\Paginas Web\HIJOSNEW\graficos\fotos.gif --> cablemodem.fibertel.com.ar /robertososa/graficos fotos.gif
2001.11.05 02:22 B d:\Paginas Web\HIJOSNEW\graficos\fotos2.gif --> cablemodem.fibertel.com.ar /robertososa/graficos fotos2.gif
2001.11.05 02:22 B d:\Paginas Web\HIJOSNEW\graficos\gon.jpg --> cablemodem.fibertel.com.ar /robertososa/graficos gon.jpg
2001.11.05 02:22 B d:\Paginas Web\HIJOSNEW\graficos\goncha.jpg --> cablemodem.fibertel.com.ar /robertososa/graficos goncha.jpg
2001.11.05 02:22 B d:\Paginas Web\HIJOSNEW\graficos\guit.gif --> cablemodem.fibertel.com.ar /robertososa/graficos guit.gif
2001.11.05 02:22 B d:\Paginas Web\HIJOSNEW\graficos\hijos.gif --> cablemodem.fibertel.com.ar /robertososa/graficos hijos.gif
2001.11.05 02:22 B d:\Paginas Web\HIJOSNEW\graficos\Image18.gif --> cablemodem.fibertel.com.ar /robertososa/graficos Image18.gif
2001.11.05 02:22 B d:\Paginas Web\HIJOSNEW\graficos\letras.gif --> cablemodem.fibertel.com.ar /robertososa/graficos letras.gif
2001.11.05 02:22 B d:\Paginas Web\HIJOSNEW\graficos\letrasver.gif --> cablemodem.fibertel.com.ar /robertososa/graficos letrasver.gif
2001.11.05 02:22 B d:\Paginas Web\HIJOSNEW\graficos\letrasver2.gif --> cablemodem.fibertel.com.ar /robertososa/graficos letrasver2.gif
2001.11.05 02:22 B d:\Paginas Web\HIJOSNEW\graficos\mail.gif --> cablemodem.fibertel.com.ar /robertososa/graficos mail.gif
2001.11.05 02:22 B d:\Paginas Web\HIJOSNEW\graficos\mail2.gif --> cablemodem.fibertel.com.ar /robertososa/graficos mail2.gif
2001.11.05 02:22 B d:\Paginas Web\HIJOSNEW\graficos\manager.gif --> cablemodem.fibertel.com.ar /robertososa/graficos manager.gif
2001.11.05 02:22 B d:\Paginas Web\HIJOSNEW\graficos\mexe.gif --> cablemodem.fibertel.com.ar /robertososa/graficos mexe.gif
2001.11.05 02:22 B d:\Paginas Web\HIJOSNEW\graficos\mgon.gif --> cablemodem.fibertel.com.ar /robertososa/graficos mgon.gif
2001.11.05 02:22 B d:\Paginas Web\HIJOSNEW\graficos\MHIJOS.gif --> cablemodem.fibertel.com.ar /robertososa/graficos MHIJOS.gif
2001.11.05 02:22 B d:\Paginas Web\HIJOSNEW\graficos\mmexe.gif --> cablemodem.fibertel.com.ar /robertososa/graficos mmexe.gif
2001.11.05 02:22 B d:\Paginas Web\HIJOSNEW\graficos\mmhijos.gif --> cablemodem.fibertel.com.ar /robertososa/graficos mmhijos.gif
2001.11.05 02:22 B d:\Paginas Web\HIJOSNEW\graficos\mmmhijos.gif --> cablemodem.fibertel.com.ar /robertososa/graficos mmmhijos.gif
2001.11.05 02:22 B d:\Paginas Web\HIJOSNEW\graficos\mp3.gif --> cablemodem.fibertel.com.ar /robertososa/graficos mp3.gif
2001.11.05 02:22 B d:\Paginas Web\HIJOSNEW\graficos\mro.gif --> cablemodem.fibertel.com.ar /robertososa/graficos mro.gif
2001.11.05 02:22 B d:\Paginas Web\HIJOSNEW\graficos\mro.jpg --> cablemodem.fibertel.com.ar /robertososa/graficos mro.jpg
2001.11.05 02:22 B d:\Paginas Web\HIJOSNEW\graficos\newdir.gif --> cablemodem.fibertel.com.ar /robertososa/graficos newdir.gif
2001.11.05 02:22 B d:\Paginas Web\HIJOSNEW\graficos\notas.gif --> cablemodem.fibertel.com.ar /robertososa/graficos notas.gif
2001.11.05 02:22 B d:\Paginas Web\HIJOSNEW\graficos\pruebin.gif --> cablemodem.fibertel.com.ar /robertososa/graficos pruebin.gif
2001.11.05 02:22 B d:\Paginas Web\HIJOSNEW\graficos\pruebin.jpg --> cablemodem.fibertel.com.ar /robertososa/graficos pruebin.jpg
2001.11.05 02:22 B d:\Paginas Web\HIJOSNEW\graficos\pspbrwse.jbf --> cablemodem.fibertel.com.ar /robertososa/graficos pspbrwse.jbf
2001.11.05 02:22 B d:\Paginas Web\HIJOSNEW\graficos\ro.jpg --> cablemodem.fibertel.com.ar /robertososa/graficos ro.jpg
2001.11.05 02:22 B d:\Paginas Web\HIJOSNEW\graficos\tapa.jpg --> cablemodem.fibertel.com.ar /robertososa/graficos tapa.jpg
2001.11.05 02:22 B d:\Paginas Web\HIJOSNEW\graficos\Untitled.gif --> cablemodem.fibertel.com.ar /robertososa/graficos Untitled.gif
2001.11.05 02:22 B d:\Paginas Web\HIJOSNEW\graficos\veldv.gif --> cablemodem.fibertel.com.ar /robertososa/graficos veldv.gif
2001.11.05 02:22 B d:\Paginas Web\HIJOSNEW\graficos\veldv2.gif --> cablemodem.fibertel.com.ar /robertososa/graficos veldv2.gif
2001.11.05 02:22 B d:\Paginas Web\HIJOSNEW\graficos\vivo.gif --> cablemodem.fibertel.com.ar /robertososa/graficos vivo.gif
2001.11.05 02:22 B d:\Paginas Web\HIJOSNEW\graficos\WS_FTP.LOG --> cablemodem.fibertel.com.ar /robertososa/graficos WS_FTP.LOG
2001.11.06 03:23 B d:\Paginas Web\HIJOSNEW\graficos\ie.gif --> cablemodem.fibertel.com.ar /robertososa/graficos ie.gif
2001.11.06 03:50 B d:\Paginas Web\HIJOSNEW\graficos\ie.gif --> cablemodem.fibertel.com.ar /robertososa/graficos ie.gif
2001.11.10 07:06 B d:\Paginas Web\HIJOSNEW\graficos\acuario.gif --> cablemodem.fibertel.com.ar /robertososa/graficos acuario.gif
2001.11.10 07:06 B d:\Paginas Web\HIJOSNEW\graficos\aries.gif --> cablemodem.fibertel.com.ar /robertososa/graficos aries.gif
2001.11.10 07:06 B d:\Paginas Web\HIJOSNEW\graficos\back.gif --> cablemodem.fibertel.com.ar /robertososa/graficos back.gif
2001.11.10 07:06 B d:\Paginas Web\HIJOSNEW\graficos\back2.gif --> cablemodem.fibertel.com.ar /robertososa/graficos back2.gif
2001.11.10 07:06 B d:\Paginas Web\HIJOSNEW\graficos\bajar.gif --> cablemodem.fibertel.com.ar /robertososa/graficos bajar.gif
2001.11.10 07:06 B d:\Paginas Web\HIJOSNEW\graficos\bajo.gif --> cablemodem.fibertel.com.ar /robertososa/graficos bajo.gif
2001.11.10 07:06 B d:\Paginas Web\HIJOSNEW\graficos\banda.gif --> cablemodem.fibertel.com.ar /robertososa/graficos banda.gif
2001.11.10 07:06 B d:\Paginas Web\HIJOSNEW\graficos\bateria.gif --> cablemodem.fibertel.com.ar /robertososa/graficos bateria.gif
2001.11.10 07:06 B d:\Paginas Web\HIJOSNEW\graficos\bmenu.jpg --> cablemodem.fibertel.com.ar /robertososa/graficos bmenu.jpg
2001.11.10 07:06 B d:\Paginas Web\HIJOSNEW\graficos\bullet.gif --> cablemodem.fibertel.com.ar /robertososa/graficos bullet.gif
2001.11.10 07:06 B d:\Paginas Web\HIJOSNEW\graficos\cancer.gif --> cablemodem.fibertel.com.ar /robertososa/graficos cancer.gif
2001.11.10 07:06 B d:\Paginas Web\HIJOSNEW\graficos\capricornio.gif --> cablemodem.fibertel.com.ar /robertososa/graficos capricornio.gif
2001.11.10 07:06 B d:\Paginas Web\HIJOSNEW\graficos\cartas.gif --> cablemodem.fibertel.com.ar /robertososa/graficos cartas.gif
2001.11.10 07:06 B d:\Paginas Web\HIJOSNEW\graficos\contactos.gif --> cablemodem.fibertel.com.ar /robertososa/graficos contactos.gif
2001.11.10 07:06 B d:\Paginas Web\HIJOSNEW\graficos\copy.gif --> cablemodem.fibertel.com.ar /robertososa/graficos copy.gif
2001.11.10 07:06 B d:\Paginas Web\HIJOSNEW\graficos\daisy.gif --> cablemodem.fibertel.com.ar /robertososa/graficos daisy.gif
2001.11.10 07:06 B d:\Paginas Web\HIJOSNEW\graficos\daisy.jpg --> cablemodem.fibertel.com.ar /robertososa/graficos daisy.jpg
2001.11.10 07:06 B d:\Paginas Web\HIJOSNEW\graficos\data.gif --> cablemodem.fibertel.com.ar /robertososa/graficos data.gif
2001.11.10 07:06 B d:\Paginas Web\HIJOSNEW\graficos\diablo.gif --> cablemodem.fibertel.com.ar /robertososa/graficos diablo.gif
2001.11.10 07:06 B d:\Paginas Web\HIJOSNEW\graficos\DIBU117.JPG --> cablemodem.fibertel.com.ar /robertososa/graficos DIBU117.JPG
2001.11.10 07:06 B d:\Paginas Web\HIJOSNEW\graficos\escorpio.gif --> cablemodem.fibertel.com.ar /robertososa/graficos escorpio.gif
2001.11.10 07:06 B d:\Paginas Web\HIJOSNEW\graficos\exe.jpg --> cablemodem.fibertel.com.ar /robertososa/graficos exe.jpg
2001.11.10 07:06 B d:\Paginas Web\HIJOSNEW\graficos\exequ.jpg --> cablemodem.fibertel.com.ar /robertososa/graficos exequ.jpg
2001.11.10 07:06 B d:\Paginas Web\HIJOSNEW\graficos\fechas.gif --> cablemodem.fibertel.com.ar /robertososa/graficos fechas.gif
2001.11.10 07:06 B d:\Paginas Web\HIJOSNEW\graficos\firmaldv.gif --> cablemodem.fibertel.com.ar /robertososa/graficos firmaldv.gif
2001.11.10 07:06 B d:\Paginas Web\HIJOSNEW\graficos\firmaldv2.gif --> cablemodem.fibertel.com.ar /robertososa/graficos firmaldv2.gif
2001.11.10 07:06 B d:\Paginas Web\HIJOSNEW\graficos\fotos.gif --> cablemodem.fibertel.com.ar /robertososa/graficos fotos.gif
2001.11.10 07:06 B d:\Paginas Web\HIJOSNEW\graficos\fotos2.gif --> cablemodem.fibertel.com.ar /robertososa/graficos fotos2.gif
2001.11.10 07:06 B d:\Paginas Web\HIJOSNEW\graficos\geminis.gif --> cablemodem.fibertel.com.ar /robertososa/graficos geminis.gif
2001.11.10 07:06 B d:\Paginas Web\HIJOSNEW\graficos\gon.jpg --> cablemodem.fibertel.com.ar /robertososa/graficos gon.jpg
2001.11.10 07:06 B d:\Paginas Web\HIJOSNEW\graficos\goncha.jpg --> cablemodem.fibertel.com.ar /robertososa/graficos goncha.jpg
2001.11.10 07:06 B d:\Paginas Web\HIJOSNEW\graficos\guit.gif --> cablemodem.fibertel.com.ar /robertososa/graficos guit.gif
2001.11.10 07:06 B d:\Paginas Web\HIJOSNEW\graficos\hijos.gif --> cablemodem.fibertel.com.ar /robertososa/graficos hijos.gif
2001.11.10 07:06 B d:\Paginas Web\HIJOSNEW\graficos\horo.gif --> cablemodem.fibertel.com.ar /robertososa/graficos horo.gif
2001.11.10 07:06 B d:\Paginas Web\HIJOSNEW\graficos\ie.gif --> cablemodem.fibertel.com.ar /robertososa/graficos ie.gif
2001.11.10 07:06 B d:\Paginas Web\HIJOSNEW\graficos\Image18.gif --> cablemodem.fibertel.com.ar /robertososa/graficos Image18.gif
2001.11.10 07:06 B d:\Paginas Web\HIJOSNEW\graficos\laloba.gif --> cablemodem.fibertel.com.ar /robertososa/graficos laloba.gif
2001.11.10 07:06 B d:\Paginas Web\HIJOSNEW\graficos\leo.gif --> cablemodem.fibertel.com.ar /robertososa/graficos leo.gif
2001.11.10 07:06 B d:\Paginas Web\HIJOSNEW\graficos\letras.gif --> cablemodem.fibertel.com.ar /robertososa/graficos letras.gif
2001.11.10 07:06 B d:\Paginas Web\HIJOSNEW\graficos\letrasver.gif --> cablemodem.fibertel.com.ar /robertososa/graficos letrasver.gif
2001.11.10 07:06 B d:\Paginas Web\HIJOSNEW\graficos\letrasver2.gif --> cablemodem.fibertel.com.ar /robertososa/graficos letrasver2.gif
2001.11.10 07:06 B d:\Paginas Web\HIJOSNEW\graficos\libra.gif --> cablemodem.fibertel.com.ar /robertososa/graficos libra.gif
2001.11.10 07:06 B d:\Paginas Web\HIJOSNEW\graficos\loba.gif --> cablemodem.fibertel.com.ar /robertososa/graficos loba.gif
2001.11.10 07:06 B d:\Paginas Web\HIJOSNEW\graficos\mail.gif --> cablemodem.fibertel.com.ar /robertososa/graficos mail.gif
2001.11.10 07:06 B d:\Paginas Web\HIJOSNEW\graficos\mail2.gif --> cablemodem.fibertel.com.ar /robertososa/graficos mail2.gif
2001.11.10 07:06 B d:\Paginas Web\HIJOSNEW\graficos\manager.gif --> cablemodem.fibertel.com.ar /robertososa/graficos manager.gif
2001.11.10 07:06 B d:\Paginas Web\HIJOSNEW\graficos\mexe.gif --> cablemodem.fibertel.com.ar /robertososa/graficos mexe.gif
2001.11.10 07:06 B d:\Paginas Web\HIJOSNEW\graficos\mgon.gif --> cablemodem.fibertel.com.ar /robertososa/graficos mgon.gif
2001.11.10 07:06 B d:\Paginas Web\HIJOSNEW\graficos\MHIJOS.gif --> cablemodem.fibertel.com.ar /robertososa/graficos MHIJOS.gif
2001.11.10 07:06 B d:\Paginas Web\HIJOSNEW\graficos\mmexe.gif --> cablemodem.fibertel.com.ar /robertososa/graficos mmexe.gif
2001.11.10 07:06 B d:\Paginas Web\HIJOSNEW\graficos\mmhijos.gif --> cablemodem.fibertel.com.ar /robertososa/graficos mmhijos.gif
2001.11.10 07:06 B d:\Paginas Web\HIJOSNEW\graficos\mmmhijos.gif --> cablemodem.fibertel.com.ar /robertososa/graficos mmmhijos.gif
2001.11.10 07:06 B d:\Paginas Web\HIJOSNEW\graficos\mp3.gif --> cablemodem.fibertel.com.ar /robertososa/graficos mp3.gif
2001.11.10 07:06 B d:\Paginas Web\HIJOSNEW\graficos\mro.gif --> cablemodem.fibertel.com.ar /robertososa/graficos mro.gif
2001.11.10 07:06 B d:\Paginas Web\HIJOSNEW\graficos\mro.jpg --> cablemodem.fibertel.com.ar /robertososa/graficos mro.jpg
2001.11.10 07:06 B d:\Paginas Web\HIJOSNEW\graficos\newdir.gif --> cablemodem.fibertel.com.ar /robertososa/graficos newdir.gif
2001.11.10 07:06 B d:\Paginas Web\HIJOSNEW\graficos\notas.gif --> cablemodem.fibertel.com.ar /robertososa/graficos notas.gif
2001.11.10 07:06 B d:\Paginas Web\HIJOSNEW\graficos\piscis.gif --> cablemodem.fibertel.com.ar /robertososa/graficos piscis.gif
2001.11.10 07:06 B d:\Paginas Web\HIJOSNEW\graficos\prensa.gif --> cablemodem.fibertel.com.ar /robertososa/graficos prensa.gif
2001.11.10 07:07 B d:\Paginas Web\HIJOSNEW\graficos\pruebin.gif --> cablemodem.fibertel.com.ar /robertososa/graficos pruebin.gif
2001.11.10 07:07 B d:\Paginas Web\HIJOSNEW\graficos\pruebin.jpg --> cablemodem.fibertel.com.ar /robertososa/graficos pruebin.jpg
2001.11.10 07:07 B d:\Paginas Web\HIJOSNEW\graficos\ro.jpg --> cablemodem.fibertel.com.ar /robertososa/graficos ro.jpg
2001.11.10 07:07 B d:\Paginas Web\HIJOSNEW\graficos\sagitario.gif --> cablemodem.fibertel.com.ar /robertososa/graficos sagitario.gif
2001.11.10 07:07 B d:\Paginas Web\HIJOSNEW\graficos\tapa.jpg --> cablemodem.fibertel.com.ar /robertososa/graficos tapa.jpg
2001.11.10 07:07 B d:\Paginas Web\HIJOSNEW\graficos\tauro.gif --> cablemodem.fibertel.com.ar /robertososa/graficos tauro.gif
2001.11.10 07:07 B d:\Paginas Web\HIJOSNEW\graficos\Untitled.gif --> cablemodem.fibertel.com.ar /robertososa/graficos Untitled.gif
2001.11.10 07:07 B d:\Paginas Web\HIJOSNEW\graficos\veldv.gif --> cablemodem.fibertel.com.ar /robertososa/graficos veldv.gif
2001.11.10 07:07 B d:\Paginas Web\HIJOSNEW\graficos\veldv2.gif --> cablemodem.fibertel.com.ar /robertososa/graficos veldv2.gif
2001.11.10 07:07 B d:\Paginas Web\HIJOSNEW\graficos\virgo.gif --> cablemodem.fibertel.com.ar /robertososa/graficos virgo.gif
2001.11.10 07:07 B d:\Paginas Web\HIJOSNEW\graficos\vivo.gif --> cablemodem.fibertel.com.ar /robertososa/graficos vivo.gif
2001.11.14 03:11 B d:\Paginas Web\HIJOSNEW\graficos\radio2.gif --> cablemodem.fibertel.com.ar /robertososa/graficos radio2.gif
2001.11.14 03:29 B d:\Paginas Web\HIJOSNEW\graficos\radio.gif --> cablemodem.fibertel.com.ar /robertososa/graficos radio.gif
2001.11.14 03:29 B d:\Paginas Web\HIJOSNEW\graficos\radio2.gif --> cablemodem.fibertel.com.ar /robertososa/graficos radio2.gif
2001.11.14 03:29 B d:\Paginas Web\HIJOSNEW\graficos\win1.jpg --> cablemodem.fibertel.com.ar /robertososa/graficos win1.jpg
2001.11.14 03:29 B d:\Paginas Web\HIJOSNEW\graficos\win2.jpg --> cablemodem.fibertel.com.ar /robertososa/graficos win2.jpg
2001.11.14 03:29 B d:\Paginas Web\HIJOSNEW\graficos\win3.jpg --> cablemodem.fibertel.com.ar /robertososa/graficos win3.jpg
2002.04.23 00:04 B d:\Paginas Web\HIJOSNEW\graficos\iconos2.gif --> cablemodem.fibertel.com.ar /graficos iconos2.gif
2002.04.23 00:04 B d:\Paginas Web\HIJOSNEW\graficos\iconostapa.gif --> cablemodem.fibertel.com.ar /graficos iconostapa.gif
2002.04.23 00:04 B d:\Paginas Web\HIJOSNEW\graficos\contratapa.jpg --> cablemodem.fibertel.com.ar /graficos contratapa.jpg
2002.04.23 00:05 B d:\Paginas Web\HIJOSNEW\graficos\tapadisco.jpg --> cablemodem.fibertel.com.ar /graficos tapadisco.jpg
2002.04.23 00:05 B d:\Paginas Web\HIJOSNEW\graficos\temas.gif --> cablemodem.fibertel.com.ar /graficos temas.gif
2002.04.23 00:06 B d:\Paginas Web\HIJOSNEW\graficos\demo.gif --> cablemodem.fibertel.com.ar /graficos demo.gif
2002.04.23 03:36 B d:\paginas web\HIJOSNEW\graficos\cd.jpg --> cablemodem.fibertel.com.ar /graficos cd.jpg
2002.04.23 03:36 B d:\paginas web\HIJOSNEW\graficos\icono_cd3.gif --> cablemodem.fibertel.com.ar /graficos icono_cd3.gif
2002.04.25 16:48 B d:\Paginas Web\HIJOSNEW\graficos\menu2.gif --> cablemodem.fibertel.com.ar /boton2 menu2.gif
2002.04.25 16:52 B d:\Paginas Web\HIJOSNEW\graficos\menu.gif --> cablemodem.fibertel.com.ar /graficos menu.gif
2002.04.26 09:39 B d:\paginas web\HIJOSNEW\graficos\clarin2.gif --> cablemodem.fibertel.com.ar /graficos clarin2.gif
2002.04.26 09:40 B d:\paginas web\HIJOSNEW\graficos\acuario.gif --> cablemodem.fibertel.com.ar /prensa acuario.gif
2002.05.01 14:40 B d:\paginas web\HIJOSNEW\graficos\ban5.gif --> cablemodem.fibertel.com.ar /graficos ban5.gif
2002.05.03 08:12 B d:\paginas web\HIJOSNEW\graficos\dibu118.jpg --> cablemodem.fibertel.com.ar /graficos dibu118.jpg
2002.05.03 14:46 B d:\paginas web\HIJOSNEW\graficos\nacion.gif --> cablemodem.fibertel.com.ar /graficos nacion.gif
2002.05.03 14:46 B d:\paginas web\HIJOSNEW\graficos\nacion1.jpg --> cablemodem.fibertel.com.ar /graficos nacion1.jpg
2002.05.03 14:46 B d:\paginas web\HIJOSNEW\graficos\nacion3.gif --> cablemodem.fibertel.com.ar /graficos nacion3.gif
2002.05.24 01:17 B d:\Paginas Web\HIJOSNEW\graficos\concurso.gif --> cablemodem.fibertel.com.ar /graficos concurso.gif
2002.05.24 01:17 B d:\Paginas Web\HIJOSNEW\graficos\grupie2.jpg --> cablemodem.fibertel.com.ar /graficos grupie2.jpg
2002.05.24 01:17 B d:\Paginas Web\HIJOSNEW\graficos\grupies.jpg --> cablemodem.fibertel.com.ar /graficos grupies.jpg
2002.05.24 01:18 B d:\Paginas Web\HIJOSNEW\graficos\llena.gif --> cablemodem.fibertel.com.ar /graficos llena.gif
